{"Field":{"fieldValue":{"id":1,"type":"foo","internal_hash":{"foo":"bar"},"internal_list":[42,56]}}}