<?xml version="1.0" encoding="UTF-8"?>
<Field><fieldValue><![CDATA[<?xml version="1.0" encoding="UTF-8"?><ezxml>Sindelfingen</ezxml>]]></fieldValue></Field>
